/afs/.ir.stanford.edu/users/r/d/rdomingo/ee180/3lab/hw/zed/implementation/system.ngc 1520214226
/afs/.ir.stanford.edu/users/r/d/rdomingo/ee180/3lab/hw/zed/implementation/system_processing_system7_0_wrapper.ngc 1520212713
/afs/.ir.stanford.edu/users/r/d/rdomingo/ee180/3lab/hw/zed/implementation/system_util_vector_logic_0_wrapper.ngc 1520212788
/afs/.ir.stanford.edu/users/r/d/rdomingo/ee180/3lab/hw/zed/implementation/system_axi_i2s_adi_0_wrapper.ngc 1520212803
/afs/.ir.stanford.edu/users/r/d/rdomingo/ee180/3lab/hw/zed/implementation/system_gp_interconnect_wrapper.ngc 1520214128
/afs/.ir.stanford.edu/users/r/d/rdomingo/ee180/3lab/hw/zed/implementation/system_se_control_interconnect_wrapper.ngc 1520214171
/afs/.ir.stanford.edu/users/r/d/rdomingo/ee180/3lab/hw/zed/implementation/system_se_src_interconnect_wrapper.ngc 1520214145
/afs/.ir.stanford.edu/users/r/d/rdomingo/ee180/3lab/hw/zed/implementation/system_se_dst_interconnect_wrapper.ngc 1520214154
/afs/.ir.stanford.edu/users/r/d/rdomingo/ee180/3lab/hw/zed/implementation/system_axi_spdif_tx_0_wrapper.ngc 1520212745
/afs/.ir.stanford.edu/users/r/d/rdomingo/ee180/3lab/hw/zed/implementation/system_axi_dma_stream_wrapper.ngc 1520214163
/afs/.ir.stanford.edu/users/r/d/rdomingo/ee180/3lab/hw/zed/implementation/system_stream_engine_0_wrapper.ngc 1520214119
/afs/.ir.stanford.edu/users/r/d/rdomingo/ee180/3lab/hw/zed/implementation/system_clock_generator_0_wrapper.ngc 1520214137
/afs/.ir.stanford.edu/users/r/d/rdomingo/ee180/3lab/hw/zed/implementation/system_axi_iic_0_wrapper.ngc 1520212765
/afs/.ir.stanford.edu/users/r/d/rdomingo/ee180/3lab/hw/zed/implementation/system_axi_iic_1_wrapper.ngc 1520212835
/afs/.ir.stanford.edu/users/r/d/rdomingo/ee180/3lab/hw/zed/implementation/system_util_i2c_mixer_0_wrapper.ngc 1520212815
OK
