/afs/.ir.stanford.edu/users/r/d/rdomingo/ee180/3lab/hw/zed/implementation/system.ngc 1520118945
/afs/.ir.stanford.edu/users/r/d/rdomingo/ee180/3lab/hw/zed/implementation/system_processing_system7_0_wrapper.ngc 1520117438
/afs/.ir.stanford.edu/users/r/d/rdomingo/ee180/3lab/hw/zed/implementation/system_util_vector_logic_0_wrapper.ngc 1520117512
/afs/.ir.stanford.edu/users/r/d/rdomingo/ee180/3lab/hw/zed/implementation/system_axi_i2s_adi_0_wrapper.ngc 1520117527
/afs/.ir.stanford.edu/users/r/d/rdomingo/ee180/3lab/hw/zed/implementation/system_gp_interconnect_wrapper.ngc 1520118847
/afs/.ir.stanford.edu/users/r/d/rdomingo/ee180/3lab/hw/zed/implementation/system_se_control_interconnect_wrapper.ngc 1520118890
/afs/.ir.stanford.edu/users/r/d/rdomingo/ee180/3lab/hw/zed/implementation/system_se_src_interconnect_wrapper.ngc 1520118864
/afs/.ir.stanford.edu/users/r/d/rdomingo/ee180/3lab/hw/zed/implementation/system_se_dst_interconnect_wrapper.ngc 1520118873
/afs/.ir.stanford.edu/users/r/d/rdomingo/ee180/3lab/hw/zed/implementation/system_axi_spdif_tx_0_wrapper.ngc 1520117469
/afs/.ir.stanford.edu/users/r/d/rdomingo/ee180/3lab/hw/zed/implementation/system_axi_dma_stream_wrapper.ngc 1520118882
/afs/.ir.stanford.edu/users/r/d/rdomingo/ee180/3lab/hw/zed/implementation/system_stream_engine_0_wrapper.ngc 1520118838
/afs/.ir.stanford.edu/users/r/d/rdomingo/ee180/3lab/hw/zed/implementation/system_clock_generator_0_wrapper.ngc 1520118855
/afs/.ir.stanford.edu/users/r/d/rdomingo/ee180/3lab/hw/zed/implementation/system_axi_iic_0_wrapper.ngc 1520117489
/afs/.ir.stanford.edu/users/r/d/rdomingo/ee180/3lab/hw/zed/implementation/system_axi_iic_1_wrapper.ngc 1520117562
/afs/.ir.stanford.edu/users/r/d/rdomingo/ee180/3lab/hw/zed/implementation/system_util_i2c_mixer_0_wrapper.ngc 1520117538
OK
